
SN 68k version 2.53


Assembly completed.
0 error(s) from 67765 lines in 0.53 seconds
